digraph Shipment {
	StartEvent_1[label="package received"]
	"StartEvent_1" -> "Activity_0h04jo2"
	Activity_0h04jo2[label="get length"]
	"Activity_0h04jo2" -> "Gateway_0i2yujj"
	Gateway_0i2yujj[]
	"Gateway_0i2yujj" -> "Activity_0iafefy"
	Activity_0iafefy[label="measure weight"]
	"Activity_0iafefy" -> "Gateway_1tgxmu2"
	Gateway_1tgxmu2[]
	"Gateway_1tgxmu2" -> "Activity_1ol43bw"
	Activity_1ol43bw[label="determine mode"]
	"Activity_1ol43bw" -> "Gateway_1ocbjca"
	Gateway_1ocbjca[]
	"Gateway_1ocbjca" -> "Activity_1cbdv9z"
	Activity_1cbdv9z[label="choose consent"]
	"Activity_1cbdv9z" -> "Gateway_0u50uj6"
	Gateway_0u50uj6[]
	"Gateway_0u50uj6" -> "Activity_1njskid"
	Activity_1njskid[label="sign declaration"]
	"Activity_1njskid" -> "Gateway_07f90ke"
	Gateway_07f90ke[]
	"Gateway_07f90ke" -> "Event_1pjc4df"
	Event_1pjc4df[label="ready for shipment"]
}