Event_1dd675w[]
"Event_1dd675w" -> "Activity_0do0700"
Activity_0do0700[label="User Info"]
"Activity_0do0700" -> "Activity_1mbfbnv"
Activity_1mbfbnv[label="Parient Admission"]
"Activity_1mbfbnv" -> "Gateway_1hwej0w"
Gateway_1hwej0w[label="Triage"]
"Gateway_1hwej0w" -> "Activity_1qr375k"
Activity_1qr375k[label="Insert into surgeon waiting list"]
"Activity_1qr375k" -> "Activity_0ba89kz"
Activity_0ba89kz[label="Wait for message from external software"]
"Activity_0ba89kz" -> "Activity_1o5csdt"
Activity_1o5csdt[label="Pre-Anesthesic evaluation"]
"Activity_1o5csdt" -> "Gateway_01rw5bk"
Gateway_01rw5bk[label="Patient sent back 1"]
"Gateway_01rw5bk" -> "Activity_1bfwy21"
Activity_1bfwy21[label="Check adverse events"]
"Activity_1bfwy21" -> "Gateway_0uzvw4h"
Gateway_0uzvw4h[label="Any adverse event"]
"Gateway_0uzvw4h" -> "Activity_01iv8eh"
Activity_01iv8eh[label="Preoperational patient preparation"]
"Activity_01iv8eh" -> "Activity_1b92j4u"
Activity_1b92j4u[label="Pre-Anesthesic re-evaluation"]
"Activity_1b92j4u" -> "Activity_0g3bnhh"
Activity_0g3bnhh[label="Patient admission to operating theatre"]
"Activity_0g3bnhh" -> "Gateway_1s04agq"
Gateway_1s04agq[label="Patient sent back 2"]
"Gateway_1s04agq" -> "Activity_0hywbyv"
Activity_0hywbyv[label="Surgery"]
"Activity_0hywbyv" -> "Activity_1v7bxvg"
Activity_1v7bxvg[label="Patient discharge from operating theater"]
"Activity_1v7bxvg" -> "Gateway_07brpq2"
Gateway_07brpq2[label="ICU"]
"Gateway_07brpq2" -> "Activity_1uuxpml"
Activity_1uuxpml[label="Recovery room"]
"Activity_1uuxpml" -> "Activity_16nr0p7"
Activity_16nr0p7[label="Patient dismission from surgical unit"]
"Activity_16nr0p7" -> "Gateway_058xy6d"
Gateway_058xy6d[label="Can patient leave surgical unit"]
"Gateway_058xy6d" -> "Event_01gw6pd"
Event_01gw6pd[label="Return to ward (success)"]
